Copyright 1986-2022 Xilinx, Inc. All Rights Reserved. Copyright 2022-2024 Advanced Micro Devices, Inc. All Rights Reserved.
---------------------------------------------------------------------------------------------------------------------------------------------
| Tool Version : Vivado v.2024.1 (lin64) Build 5076996 Wed May 22 18:36:09 MDT 2024
| Date         : Thu Apr 16 04:29:04 2026
| Host         : EQI07359 running 64-bit Ubuntu 22.04.5 LTS
| Command      : report_timing -nworst 1 -delay_type max -sort_by group -file reports_cva6_fpga_impl/cva6_fpga.timing.rpt
| Design       : cva6_zybo_z7_20
| Device       : 7z020-clg400
| Speed File   : -1  PRODUCTION 1.12 2019-11-22
| Design State : Routed
---------------------------------------------------------------------------------------------------------------------------------------------

Timing Report

Slack (VIOLATED) :        -5.089ns  (required time - arrival time)
  Source:                 i_ariane/i_cva6/issue_stage_i/i_issue_read_operands/branch_valid_q_reg[0]_replica_4/C
                            (rising edge-triggered cell FDCE clocked by clk_out1_xlnx_clk_gen  {rise@0.000ns fall@12.500ns period=25.000ns})
  Destination:            i_ariane/gen_example_coprocessor.i_cvxif_coprocessor/i_copro_alu/result_q_reg[11]/D
                            (rising edge-triggered cell FDCE clocked by clk_out1_xlnx_clk_gen  {rise@0.000ns fall@12.500ns period=25.000ns})
  Path Group:             clk_out1_xlnx_clk_gen
  Path Type:              Setup (Max at Slow Process Corner)
  Requirement:            25.000ns  (clk_out1_xlnx_clk_gen rise@25.000ns - clk_out1_xlnx_clk_gen rise@0.000ns)
  Data Path Delay:        29.935ns  (logic 13.897ns (46.424%)  route 16.038ns (53.576%))
  Logic Levels:           36  (CARRY4=13 DSP48E1=2 LUT2=1 LUT3=2 LUT4=1 LUT5=4 LUT6=10 MUXF7=2 MUXF8=1)
  Clock Path Skew:        -0.135ns (DCD - SCD + CPR)
    Destination Clock Delay (DCD):    -1.498ns = ( 23.502 - 25.000 ) 
    Source Clock Delay      (SCD):    -0.878ns
    Clock Pessimism Removal (CPR):    0.484ns
  Clock Uncertainty:      0.082ns  ((TSJ^2 + DJ^2)^1/2) / 2 + PE
    Total System Jitter     (TSJ):    0.071ns
    Discrete Jitter          (DJ):    0.149ns
    Phase Error              (PE):    0.000ns

    Location             Delay type                Incr(ns)  Path(ns)    Netlist Resource(s)
  -------------------------------------------------------------------    -------------------
                         (clock clk_out1_xlnx_clk_gen rise edge)
                                                      0.000     0.000 r  
    K17                                               0.000     0.000 r  clk_sys (IN)
                         net (fo=0)                   0.000     0.000    i_xlnx_clk_gen/inst/clk_in1
    K17                  IBUF (Prop_ibuf_I_O)         1.475     1.475 r  i_xlnx_clk_gen/inst/clkin1_ibufg/O
                         net (fo=1, routed)           1.285     2.760    i_xlnx_clk_gen/inst/clk_in1_xlnx_clk_gen
    MMCME2_ADV_X1Y2      MMCME2_ADV (Prop_mmcme2_adv_CLKIN1_CLKOUT0)
                                                     -7.759    -4.999 r  i_xlnx_clk_gen/inst/mmcm_adv_inst/CLKOUT0
                         net (fo=1, routed)           2.206    -2.793    i_xlnx_clk_gen/inst/clk_out1_xlnx_clk_gen
    BUFGCTRL_X0Y16       BUFG (Prop_bufg_I_O)         0.101    -2.692 r  i_xlnx_clk_gen/inst/clkout1_buf/O
                         net (fo=15292, routed)       1.814    -0.878    i_ariane/i_cva6/issue_stage_i/i_issue_read_operands/clk_out1
    SLICE_X52Y127        FDCE                                         r  i_ariane/i_cva6/issue_stage_i/i_issue_read_operands/branch_valid_q_reg[0]_replica_4/C
  -------------------------------------------------------------------    -------------------
    SLICE_X52Y127        FDCE (Prop_fdce_C_Q)         0.456    -0.422 f  i_ariane/i_cva6/issue_stage_i/i_issue_read_operands/branch_valid_q_reg[0]_replica_4/Q
                         net (fo=15, routed)          0.638     0.215    i_ariane/i_cva6/ex_stage_i/branch_valid_q_reg[0]_0_repN_4_alias
    SLICE_X53Y126        LUT3 (Prop_lut3_I1_O)        0.124     0.339 f  i_ariane/i_cva6/ex_stage_i/i___2_i_2_replica/O
                         net (fo=8, routed)           0.439     0.778    i_ariane/i_cva6/issue_stage_i/i_issue_read_operands/p_0_in_repN_alias
    SLICE_X51Y126        LUT5 (Prop_lut5_I1_O)        0.124     0.902 f  i_ariane/i_cva6/issue_stage_i/i_issue_read_operands/mem_q[1][sbe][result][0]_i_9/O
                         net (fo=1, routed)           0.620     1.523    i_ariane/i_cva6/issue_stage_i/i_issue_read_operands/mem_q[1][sbe][result][0]_i_9_n_0
    SLICE_X51Y126        LUT6 (Prop_lut6_I4_O)        0.124     1.647 r  i_ariane/i_cva6/issue_stage_i/i_issue_read_operands/mem_q[1][sbe][result][0]_i_8/O
                         net (fo=65, routed)          0.357     2.004    i_ariane/i_cva6/ex_stage_i/adder_op_b_negate
    SLICE_X52Y125        LUT6 (Prop_lut6_I5_O)        0.124     2.128 r  i_ariane/i_cva6/ex_stage_i/i___239_i_31/O
                         net (fo=1, routed)           0.867     2.996    i_ariane/i_cva6/ex_stage_i/i___239_i_31_n_0
    SLICE_X49Y123        CARRY4 (Prop_carry4_S[0]_CO[3])
                                                      0.656     3.652 r  i_ariane/i_cva6/ex_stage_i/i___239_i_10/CO[3]
                         net (fo=1, routed)           0.000     3.652    i_ariane/i_cva6/ex_stage_i/i___239_i_10_n_0
    SLICE_X49Y124        CARRY4 (Prop_carry4_CI_O[3])
                                                      0.313     3.965 f  i_ariane/i_cva6/ex_stage_i/i___239_i_16/O[3]
                         net (fo=2, routed)           1.010     4.975    i_ariane/i_cva6/ex_stage_i/adder_result[7]
    SLICE_X46Y127        LUT6 (Prop_lut6_I2_O)        0.306     5.281 f  i_ariane/i_cva6/ex_stage_i/i___239_i_5_comp/O
                         net (fo=1, routed)           1.002     6.283    i_ariane/i_cva6/ex_stage_i/i___239_i_5_n_0
    SLICE_X47Y128        LUT6 (Prop_lut6_I3_O)        0.124     6.407 r  i_ariane/i_cva6/ex_stage_i/i___239_i_3_comp/O
                         net (fo=1, routed)           0.403     6.810    i_ariane/i_cva6/issue_stage_i/i_issue_read_operands/data0
    SLICE_X47Y128        LUT6 (Prop_lut6_I2_O)        0.124     6.934 r  i_ariane/i_cva6/issue_stage_i/i_issue_read_operands/i___239_i_2/O
                         net (fo=1, routed)           0.000     6.934    i_ariane/i_cva6/issue_stage_i/i_issue_read_operands/i___239_i_2_n_0
    SLICE_X47Y128        MUXF7 (Prop_muxf7_I1_O)      0.217     7.151 r  i_ariane/i_cva6/issue_stage_i/i_issue_read_operands/i___239_i_1/O
                         net (fo=3, routed)           0.347     7.498    i_ariane/i_cva6/ex_stage_i/Mem_DP_reg
    SLICE_X44Y129        LUT6 (Prop_lut6_I4_O)        0.299     7.797 f  i_ariane/i_cva6/ex_stage_i/i___239/O
                         net (fo=36, routed)          0.707     8.504    i_ariane/i_cva6/issue_stage_i/i_issue_read_operands/Mem_DP_reg_0
    SLICE_X44Y129        LUT5 (Prop_lut5_I1_O)        0.124     8.628 f  i_ariane/i_cva6/issue_stage_i/i_issue_read_operands/Mem_DP_reg_i_59/O
                         net (fo=8, routed)           0.200     8.828    i_ariane/i_cva6/issue_stage_i/i_scoreboard/resolved_branch[is_mispredict]
    SLICE_X44Y129        LUT6 (Prop_lut6_I4_O)        0.124     8.952 f  i_ariane/i_cva6/issue_stage_i/i_scoreboard/read_pointer_q[1]_i_2/O
                         net (fo=23, routed)          0.638     9.590    i_ariane/gen_example_coprocessor.i_cvxif_coprocessor/dcsr_q_reg[ebreakm]_0_alias
    SLICE_X40Y126        LUT6 (Prop_lut6_I4_O)        0.124     9.714 r  i_ariane/gen_example_coprocessor.i_cvxif_coprocessor/id_q[1]_i_2_comp_1/O
                         net (fo=14, routed)          1.071    10.785    i_ariane/i_cva6/issue_stage_i/i_scoreboard/cvxif_resp[issue_resp][accept]
    SLICE_X44Y120        LUT6 (Prop_lut6_I3_O)        0.124    10.909 r  i_ariane/i_cva6/issue_stage_i/i_scoreboard/i___31_i_5_comp_1/O
                         net (fo=46, routed)          0.874    11.782    i_ariane/i_cva6/issue_stage_i/i_scoreboard/issue_q_reg[0][sbe][use_zimm]
    SLICE_X40Y122        LUT6 (Prop_lut6_I5_O)        0.124    11.906 r  i_ariane/i_cva6/issue_stage_i/i_scoreboard/i___36_i_2/O
                         net (fo=2, routed)           0.797    12.703    i_ariane/gen_example_coprocessor.i_cvxif_coprocessor/mem_q_reg[3][sbe][result][30]_1_alias
    SLICE_X37Y118        LUT5 (Prop_lut5_I4_O)        0.124    12.827 r  i_ariane/gen_example_coprocessor.i_cvxif_coprocessor/bfly4_fm2_q[30]_i_1_comp/O
                         net (fo=5, routed)           0.427    13.254    i_ariane/gen_example_coprocessor.i_cvxif_coprocessor/i_copro_alu/result_n5__2_7[14]
    DSP48_X2Y46          DSP48E1 (Prop_dsp48e1_B[14]_P[0])
                                                      3.656    16.910 r  i_ariane/gen_example_coprocessor.i_cvxif_coprocessor/i_copro_alu/result_n5__2/P[0]
                         net (fo=1, routed)           1.295    18.205    i_ariane_n_15
    SLICE_X35Y101        CARRY4 (Prop_carry4_S[0]_CO[3])
                                                      0.656    18.861 r  i_copro_alu/result_n3__6_i_5/CO[3]
                         net (fo=1, routed)           0.000    18.861    i_copro_alu/result_n3__6_i_5_n_0
    SLICE_X35Y102        CARRY4 (Prop_carry4_CI_CO[3])
                                                      0.114    18.975 r  i_copro_alu/result_n3__6_i_4/CO[3]
                         net (fo=1, routed)           0.000    18.975    i_copro_alu/result_n3__6_i_4_n_0
    SLICE_X35Y103        CARRY4 (Prop_carry4_CI_CO[3])
                                                      0.114    19.089 r  i_copro_alu/result_n3__6_i_3/CO[3]
                         net (fo=1, routed)           0.000    19.089    i_copro_alu/result_n3__6_i_3_n_0
    SLICE_X35Y104        CARRY4 (Prop_carry4_CI_CO[3])
                                                      0.114    19.203 r  i_copro_alu/result_n3__6_i_2/CO[3]
                         net (fo=1, routed)           0.000    19.203    i_copro_alu/result_n3__6_i_2_n_0
    SLICE_X35Y105        CARRY4 (Prop_carry4_CI_CO[3])
                                                      0.114    19.317 r  i_copro_alu/result_n3__6_i_1/CO[3]
                         net (fo=1, routed)           0.000    19.317    i_copro_alu/result_n3__6_i_1_n_0
    SLICE_X35Y106        CARRY4 (Prop_carry4_CI_CO[3])
                                                      0.114    19.431 r  i_copro_alu/result_n3__6_i_8/CO[3]
                         net (fo=1, routed)           0.000    19.431    i_copro_alu/result_n3__6_i_8_n_0
    SLICE_X35Y107        CARRY4 (Prop_carry4_CI_CO[3])
                                                      0.114    19.545 r  i_copro_alu/result_n3__6_i_7/CO[3]
                         net (fo=1, routed)           0.000    19.545    i_ariane/gen_example_coprocessor.i_cvxif_coprocessor/i_copro_alu/result_n3__6_3[0]
    SLICE_X35Y108        CARRY4 (Prop_carry4_CI_O[2])
                                                      0.239    19.784 r  i_ariane/gen_example_coprocessor.i_cvxif_coprocessor/i_copro_alu/result_n3__6_i_6/O[2]
                         net (fo=18, routed)          0.980    20.764    i_ariane/gen_example_coprocessor.i_cvxif_coprocessor/i_copro_alu/result_n3__6_i_6_n_5
    DSP48_X2Y41          DSP48E1 (Prop_dsp48e1_A[21]_P[20])
                                                      2.255    23.019 r  i_ariane/gen_example_coprocessor.i_cvxif_coprocessor/i_copro_alu/result_n3__6/P[20]
                         net (fo=5, routed)           0.991    24.010    i_ariane/gen_example_coprocessor.i_cvxif_coprocessor/i_copro_alu/result_n3__6_0[5]
    SLICE_X36Y106        LUT2 (Prop_lut2_I1_O)        0.124    24.134 r  i_ariane/gen_example_coprocessor.i_cvxif_coprocessor/i_copro_alu/bfly4_out2_q[11]_i_14/O
                         net (fo=1, routed)           0.000    24.134    i_ariane/gen_example_coprocessor.i_cvxif_coprocessor/i_copro_alu/bfly4_out2_q[11]_i_14_n_0
    SLICE_X36Y106        CARRY4 (Prop_carry4_S[1]_O[2])
                                                      0.578    24.712 r  i_ariane/gen_example_coprocessor.i_cvxif_coprocessor/i_copro_alu/bfly4_out2_q_reg[11]_i_11/O[2]
                         net (fo=4, routed)           0.956    25.668    i_ariane/gen_example_coprocessor.i_cvxif_coprocessor/i_copro_alu/bfly4_out2_q_reg[11]_i_11_n_5
    SLICE_X36Y110        LUT3 (Prop_lut3_I1_O)        0.330    25.998 r  i_ariane/gen_example_coprocessor.i_cvxif_coprocessor/i_copro_alu/result_q[7]_i_34/O
                         net (fo=2, routed)           0.708    26.706    i_ariane/gen_example_coprocessor.i_cvxif_coprocessor/i_copro_alu/result_q[7]_i_34_n_0
    SLICE_X36Y110        LUT4 (Prop_lut4_I3_O)        0.331    27.037 r  i_ariane/gen_example_coprocessor.i_cvxif_coprocessor/i_copro_alu/result_q[7]_i_38/O
                         net (fo=1, routed)           0.000    27.037    i_ariane/gen_example_coprocessor.i_cvxif_coprocessor/i_copro_alu/result_q[7]_i_38_n_0
    SLICE_X36Y110        CARRY4 (Prop_carry4_S[3]_CO[3])
                                                      0.376    27.413 r  i_ariane/gen_example_coprocessor.i_cvxif_coprocessor/i_copro_alu/result_q_reg[7]_i_13/CO[3]
                         net (fo=1, routed)           0.000    27.413    i_ariane/gen_example_coprocessor.i_cvxif_coprocessor/i_copro_alu/result_q_reg[7]_i_13_n_0
    SLICE_X36Y111        CARRY4 (Prop_carry4_CI_O[3])
                                                      0.315    27.728 r  i_ariane/gen_example_coprocessor.i_cvxif_coprocessor/i_copro_alu/result_q_reg[11]_i_13/O[3]
                         net (fo=1, routed)           0.711    28.439    i_ariane/gen_example_coprocessor.i_cvxif_coprocessor/i_copro_alu/data9[11]
    SLICE_X40Y115        LUT5 (Prop_lut5_I4_O)        0.307    28.746 r  i_ariane/gen_example_coprocessor.i_cvxif_coprocessor/i_copro_alu/result_q[11]_i_6/O
                         net (fo=1, routed)           0.000    28.746    i_ariane/i_cva6/id_stage_i/result_q_reg[11]_0
    SLICE_X40Y115        MUXF7 (Prop_muxf7_I1_O)      0.217    28.963 r  i_ariane/i_cva6/id_stage_i/result_q_reg[11]_i_3/O
                         net (fo=1, routed)           0.000    28.963    i_ariane/i_cva6/id_stage_i/result_q_reg[11]_i_3_n_0
    SLICE_X40Y115        MUXF8 (Prop_muxf8_I1_O)      0.094    29.057 r  i_ariane/i_cva6/id_stage_i/result_q_reg[11]_i_1/O
                         net (fo=1, routed)           0.000    29.057    i_ariane/gen_example_coprocessor.i_cvxif_coprocessor/i_copro_alu/result_q_reg[31]_1[11]
    SLICE_X40Y115        FDCE                                         r  i_ariane/gen_example_coprocessor.i_cvxif_coprocessor/i_copro_alu/result_q_reg[11]/D
  -------------------------------------------------------------------    -------------------

                         (clock clk_out1_xlnx_clk_gen rise edge)
                                                     25.000    25.000 r  
    K17                                               0.000    25.000 r  clk_sys (IN)
                         net (fo=0)                   0.000    25.000    i_xlnx_clk_gen/inst/clk_in1
    K17                  IBUF (Prop_ibuf_I_O)         1.404    26.404 r  i_xlnx_clk_gen/inst/clkin1_ibufg/O
                         net (fo=1, routed)           1.162    27.566    i_xlnx_clk_gen/inst/clk_in1_xlnx_clk_gen
    MMCME2_ADV_X1Y2      MMCME2_ADV (Prop_mmcme2_adv_CLKIN1_CLKOUT0)
                                                     -7.814    19.752 r  i_xlnx_clk_gen/inst/mmcm_adv_inst/CLKOUT0
                         net (fo=1, routed)           2.012    21.764    i_xlnx_clk_gen/inst/clk_out1_xlnx_clk_gen
    BUFGCTRL_X0Y16       BUFG (Prop_bufg_I_O)         0.091    21.855 r  i_xlnx_clk_gen/inst/clkout1_buf/O
                         net (fo=15292, routed)       1.647    23.502    i_ariane/gen_example_coprocessor.i_cvxif_coprocessor/i_copro_alu/clk_out1
    SLICE_X40Y115        FDCE                                         r  i_ariane/gen_example_coprocessor.i_cvxif_coprocessor/i_copro_alu/result_q_reg[11]/C
                         clock pessimism              0.484    23.986    
                         clock uncertainty           -0.082    23.904    
    SLICE_X40Y115        FDCE (Setup_fdce_C_D)        0.064    23.968    i_ariane/gen_example_coprocessor.i_cvxif_coprocessor/i_copro_alu/result_q_reg[11]
  -------------------------------------------------------------------
                         required time                         23.968    
                         arrival time                         -29.057    
  -------------------------------------------------------------------
                         slack                                 -5.089    

Slack (MET) :             0.672ns  (required time - arrival time)
  Source:                 i_dmi_jtag/i_dmi_jtag_tap/td_o_reg/C
                            (falling edge-triggered cell FDCE clocked by tck  {rise@0.000ns fall@50.000ns period=100.000ns})
  Destination:            tdo
                            (output port clocked by tck  {rise@0.000ns fall@50.000ns period=100.000ns})
  Path Group:             tck
  Path Type:              Max at Slow Process Corner
  Requirement:            20.000ns  (MaxDelay Path 20.000ns)
  Data Path Delay:        6.709ns  (logic 4.080ns (60.816%)  route 2.629ns (39.184%))
  Logic Levels:           1  (OBUF=1)
  Output Delay:           5.000ns
  Clock Path Skew:        -7.117ns (DCD - SCD + CPR)
    Destination Clock Delay (DCD):    0.000ns
    Source Clock Delay      (SCD):    7.117ns
    Clock Pessimism Removal (CPR):    0.000ns
  Clock Uncertainty:      0.501ns  ((TSJ^2 + TIJ^2)^1/2 + DJ) / 2 + PE
    Total System Jitter     (TSJ):    0.071ns
    Total Input Jitter      (TIJ):    1.000ns
    Discrete Jitter          (DJ):    0.000ns
    Phase Error              (PE):    0.000ns
  Timing Exception:       MaxDelay Path 20.000ns

    Location             Delay type                Incr(ns)  Path(ns)    Netlist Resource(s)
  -------------------------------------------------------------------    -------------------
                         (clock tck fall edge)        0.000     0.000 f  
    H15                                               0.000     0.000 f  tck (IN)
                         net (fo=0)                   0.000     0.000    tck
    H15                  IBUF (Prop_ibuf_I_O)         1.500     1.500 f  tck_IBUF_inst/O
                         net (fo=1, routed)           3.659     5.159    tck_IBUF
    BUFGCTRL_X0Y0        BUFG (Prop_bufg_I_O)         0.101     5.260 f  tck_IBUF_BUFG_inst/O
                         net (fo=258, routed)         1.857     7.117    i_dmi_jtag/i_dmi_jtag_tap/tck_ni
    SLICE_X112Y68        FDCE                                         r  i_dmi_jtag/i_dmi_jtag_tap/td_o_reg/C  (IS_INVERTED)
  -------------------------------------------------------------------    -------------------
    SLICE_X112Y68        FDCE (Prop_fdce_C_Q)         0.524     7.641 r  i_dmi_jtag/i_dmi_jtag_tap/td_o_reg/Q
                         net (fo=1, routed)           2.629    10.271    tdo_OBUF
    J15                  OBUF (Prop_obuf_I_O)         3.556    13.827 r  tdo_OBUF_inst/O
                         net (fo=0)                   0.000    13.827    tdo
    J15                                                               r  tdo (OUT)
  -------------------------------------------------------------------    -------------------

                         max delay                   20.000    20.000    
                         clock pessimism              0.000    20.000    
                         clock uncertainty           -0.501    19.499    
                         output delay                -5.000    14.499    
  -------------------------------------------------------------------
                         required time                         14.499    
                         arrival time                         -13.827    
  -------------------------------------------------------------------
                         slack                                  0.672    

Slack (MET) :             21.433ns  (required time - arrival time)
  Source:                 i_axi_dwidth_converter_dm_slave/inst/gen_downsizer.gen_simple_downsizer.axi_downsizer_inst/USE_WRITE.write_addr_inst/USE_B_CHANNEL.cmd_b_queue/inst/fifo_gen_inst/inst_fifo_gen/gconvfifo.rf/grf.rf/rstblk/ngwrdrst.grst.g7serrst.gnsckt_wrst.rst_wr_reg2_inst/arststages_ff_reg[1]/C
                            (rising edge-triggered cell FDPE clocked by clk_out1_xlnx_clk_gen  {rise@0.000ns fall@12.500ns period=25.000ns})
  Destination:            i_axi_dwidth_converter_dm_slave/inst/gen_downsizer.gen_simple_downsizer.axi_downsizer_inst/USE_WRITE.write_addr_inst/USE_B_CHANNEL.cmd_b_queue/inst/fifo_gen_inst/inst_fifo_gen/gconvfifo.rf/grf.rf/gntv_or_sync_fifo.gl0.rd/rpntr/gc0.count_d1_reg[1]/CLR
                            (recovery check against rising-edge clock clk_out1_xlnx_clk_gen  {rise@0.000ns fall@12.500ns period=25.000ns})
  Path Group:             **async_default**
  Path Type:              Recovery (Max at Slow Process Corner)
  Requirement:            25.000ns  (clk_out1_xlnx_clk_gen rise@25.000ns - clk_out1_xlnx_clk_gen rise@0.000ns)
  Data Path Delay:        3.018ns  (logic 0.779ns (25.811%)  route 2.239ns (74.189%))
  Logic Levels:           1  (LUT3=1)
  Clock Path Skew:        -0.062ns (DCD - SCD + CPR)
    Destination Clock Delay (DCD):    -1.537ns = ( 23.463 - 25.000 ) 
    Source Clock Delay      (SCD):    -0.908ns
    Clock Pessimism Removal (CPR):    0.567ns
  Clock Uncertainty:      0.082ns  ((TSJ^2 + DJ^2)^1/2) / 2 + PE
    Total System Jitter     (TSJ):    0.071ns
    Discrete Jitter          (DJ):    0.149ns
    Phase Error              (PE):    0.000ns

    Location             Delay type                Incr(ns)  Path(ns)    Netlist Resource(s)
  -------------------------------------------------------------------    -------------------
                         (clock clk_out1_xlnx_clk_gen rise edge)
                                                      0.000     0.000 r  
    K17                                               0.000     0.000 r  clk_sys (IN)
                         net (fo=0)                   0.000     0.000    i_xlnx_clk_gen/inst/clk_in1
    K17                  IBUF (Prop_ibuf_I_O)         1.475     1.475 r  i_xlnx_clk_gen/inst/clkin1_ibufg/O
                         net (fo=1, routed)           1.285     2.760    i_xlnx_clk_gen/inst/clk_in1_xlnx_clk_gen
    MMCME2_ADV_X1Y2      MMCME2_ADV (Prop_mmcme2_adv_CLKIN1_CLKOUT0)
                                                     -7.759    -4.999 r  i_xlnx_clk_gen/inst/mmcm_adv_inst/CLKOUT0
                         net (fo=1, routed)           2.206    -2.793    i_xlnx_clk_gen/inst/clk_out1_xlnx_clk_gen
    BUFGCTRL_X0Y16       BUFG (Prop_bufg_I_O)         0.101    -2.692 r  i_xlnx_clk_gen/inst/clkout1_buf/O
                         net (fo=15292, routed)       1.784    -0.908    i_axi_dwidth_converter_dm_slave/inst/gen_downsizer.gen_simple_downsizer.axi_downsizer_inst/USE_WRITE.write_addr_inst/USE_B_CHANNEL.cmd_b_queue/inst/fifo_gen_inst/inst_fifo_gen/gconvfifo.rf/grf.rf/rstblk/ngwrdrst.grst.g7serrst.gnsckt_wrst.rst_wr_reg2_inst/dest_clk
    SLICE_X96Y55         FDPE                                         r  i_axi_dwidth_converter_dm_slave/inst/gen_downsizer.gen_simple_downsizer.axi_downsizer_inst/USE_WRITE.write_addr_inst/USE_B_CHANNEL.cmd_b_queue/inst/fifo_gen_inst/inst_fifo_gen/gconvfifo.rf/grf.rf/rstblk/ngwrdrst.grst.g7serrst.gnsckt_wrst.rst_wr_reg2_inst/arststages_ff_reg[1]/C
  -------------------------------------------------------------------    -------------------
    SLICE_X96Y55         FDPE (Prop_fdpe_C_Q)         0.478    -0.430 f  i_axi_dwidth_converter_dm_slave/inst/gen_downsizer.gen_simple_downsizer.axi_downsizer_inst/USE_WRITE.write_addr_inst/USE_B_CHANNEL.cmd_b_queue/inst/fifo_gen_inst/inst_fifo_gen/gconvfifo.rf/grf.rf/rstblk/ngwrdrst.grst.g7serrst.gnsckt_wrst.rst_wr_reg2_inst/arststages_ff_reg[1]/Q
                         net (fo=3, routed)           0.715     0.284    i_axi_dwidth_converter_dm_slave/inst/gen_downsizer.gen_simple_downsizer.axi_downsizer_inst/USE_WRITE.write_addr_inst/USE_B_CHANNEL.cmd_b_queue/inst/fifo_gen_inst/inst_fifo_gen/gconvfifo.rf/grf.rf/rstblk/ngwrdrst.rst_wr_reg2
    SLICE_X96Y55         LUT3 (Prop_lut3_I2_O)        0.301     0.585 f  i_axi_dwidth_converter_dm_slave/inst/gen_downsizer.gen_simple_downsizer.axi_downsizer_inst/USE_WRITE.write_addr_inst/USE_B_CHANNEL.cmd_b_queue/inst/fifo_gen_inst/inst_fifo_gen/gconvfifo.rf/grf.rf/rstblk/gpregsm1.curr_fwft_state[1]_i_2/O
                         net (fo=32, routed)          1.524     2.110    i_axi_dwidth_converter_dm_slave/inst/gen_downsizer.gen_simple_downsizer.axi_downsizer_inst/USE_WRITE.write_addr_inst/USE_B_CHANNEL.cmd_b_queue/inst/fifo_gen_inst/inst_fifo_gen/gconvfifo.rf/grf.rf/gntv_or_sync_fifo.gl0.rd/rpntr/gc0.count_d1_reg[4]_1
    SLICE_X101Y53        FDCE                                         f  i_axi_dwidth_converter_dm_slave/inst/gen_downsizer.gen_simple_downsizer.axi_downsizer_inst/USE_WRITE.write_addr_inst/USE_B_CHANNEL.cmd_b_queue/inst/fifo_gen_inst/inst_fifo_gen/gconvfifo.rf/grf.rf/gntv_or_sync_fifo.gl0.rd/rpntr/gc0.count_d1_reg[1]/CLR
  -------------------------------------------------------------------    -------------------

                         (clock clk_out1_xlnx_clk_gen rise edge)
                                                     25.000    25.000 r  
    K17                                               0.000    25.000 r  clk_sys (IN)
                         net (fo=0)                   0.000    25.000    i_xlnx_clk_gen/inst/clk_in1
    K17                  IBUF (Prop_ibuf_I_O)         1.404    26.404 r  i_xlnx_clk_gen/inst/clkin1_ibufg/O
                         net (fo=1, routed)           1.162    27.566    i_xlnx_clk_gen/inst/clk_in1_xlnx_clk_gen
    MMCME2_ADV_X1Y2      MMCME2_ADV (Prop_mmcme2_adv_CLKIN1_CLKOUT0)
                                                     -7.814    19.752 r  i_xlnx_clk_gen/inst/mmcm_adv_inst/CLKOUT0
                         net (fo=1, routed)           2.012    21.764    i_xlnx_clk_gen/inst/clk_out1_xlnx_clk_gen
    BUFGCTRL_X0Y16       BUFG (Prop_bufg_I_O)         0.091    21.855 r  i_xlnx_clk_gen/inst/clkout1_buf/O
                         net (fo=15292, routed)       1.608    23.463    i_axi_dwidth_converter_dm_slave/inst/gen_downsizer.gen_simple_downsizer.axi_downsizer_inst/USE_WRITE.write_addr_inst/USE_B_CHANNEL.cmd_b_queue/inst/fifo_gen_inst/inst_fifo_gen/gconvfifo.rf/grf.rf/gntv_or_sync_fifo.gl0.rd/rpntr/clk
    SLICE_X101Y53        FDCE                                         r  i_axi_dwidth_converter_dm_slave/inst/gen_downsizer.gen_simple_downsizer.axi_downsizer_inst/USE_WRITE.write_addr_inst/USE_B_CHANNEL.cmd_b_queue/inst/fifo_gen_inst/inst_fifo_gen/gconvfifo.rf/grf.rf/gntv_or_sync_fifo.gl0.rd/rpntr/gc0.count_d1_reg[1]/C
                         clock pessimism              0.567    24.030    
                         clock uncertainty           -0.082    23.948    
    SLICE_X101Y53        FDCE (Recov_fdce_C_CLR)     -0.405    23.543    i_axi_dwidth_converter_dm_slave/inst/gen_downsizer.gen_simple_downsizer.axi_downsizer_inst/USE_WRITE.write_addr_inst/USE_B_CHANNEL.cmd_b_queue/inst/fifo_gen_inst/inst_fifo_gen/gconvfifo.rf/grf.rf/gntv_or_sync_fifo.gl0.rd/rpntr/gc0.count_d1_reg[1]
  -------------------------------------------------------------------
                         required time                         23.543    
                         arrival time                          -2.110    
  -------------------------------------------------------------------
                         slack                                 21.433    




