Copyright 1986-2022 Xilinx, Inc. All Rights Reserved. Copyright 2022-2024 Advanced Micro Devices, Inc. All Rights Reserved.
---------------------------------------------------------------------------------------------------------------------------------------------
| Tool Version : Vivado v.2024.1 (lin64) Build 5076996 Wed May 22 18:36:09 MDT 2024
| Date         : Thu Feb  5 15:42:24 2026
| Host         : EQI07359 running 64-bit Ubuntu 22.04.5 LTS
| Command      : report_clock_interaction -file reports_cva6_fpga_synth/cva6_fpga.clock_interaction.rpt
| Design       : cva6_zybo_z7_20
| Device       : 7z020-clg400
| Speed File   : -1  PRODUCTION 1.12 2019-11-22
| Design State : Synthesized
---------------------------------------------------------------------------------------------------------------------------------------------

Clock Interaction Report

Clock Interaction Table
-----------------------

                                              WNS                            TNS Failing  TNS Total    WNS Path         Clock-Pair           Inter-Clock              
From Clock             To Clock               Clock Edges  WNS(ns)  TNS(ns)    Endpoints    Endpoints  Requirement(ns)  Classification       Constraints              
---------------------  ---------------------  -----------  -------  -------  -----------  -----------  ---------------  -------------------  -----------------------  
clk_out1_xlnx_clk_gen  clk_out1_xlnx_clk_gen  rise - rise    -3.00   -80.09           32        47259            25.00  Clean                Partial False Path       
clk_out1_xlnx_clk_gen  tck                    rise - rise    18.92     0.00            0           36            20.00  Ignored              Max Delay Datapath Only  
tck                    clk_out1_xlnx_clk_gen  rise - rise    18.10     0.00            0           43            25.00  No Common Clock      Timed (unsafe)           
tck                    tck                    fall - rise     5.76     0.00            0          453            20.00  Clean                Timed                    


